   Γû▓ Next.js 15.2.6

   Creating an optimized production build ...
wsl : Failed to 
compile.
At line:1 char:1
+ wsl npx next build 
> build_error.log 
2>&1
+ ~~~~~~~~~~~~~~~~~~~
~~~~~~~~~~~~~~~~~~~~~
~
    + CategoryInfo   
           : NotSpe  
  cified: (Failed    
 to compile.:Stri    
ng) [], RemoteEx    
ception
    + FullyQualified 
   ErrorId : Native  
  CommandError
 

./app/page.tsx
Error:   [31mx[0m 
You're importing a 
component that needs 
`useState`. This 
React hook only 
works in a client 
component. To fix, 
mark the file (or 
its parent) with the 
`"use client"` 
directive.
  [31m|[0m 
  [31m|[0m  Learn 
more: https://nextjs.
org/docs/app/api-refe
rence/directives/use-
client
  [31m|[0m 
  [31m|[0m 
   ,-[[36;1;4mC:\Use
rs\angel\projects\Tra
nslator\app\page.tsx
[0m:1:1]
 [2m1[0m | import 
{ useState } from 
"react";
   : [35;1m         
^^^^^^^^[0m
 [2m2[0m | import 
{ ArrowRightLeft } 
from "lucide-react";
 [2m3[0m | import 
{ Button } from "@/co
mponents/ui/button";
 [2m4[0m | import 
{ Card, CardContent, 
CardHeader, 
CardTitle } from "@/c
omponents/ui/card";
   `----

Import trace for 
requested module:
./app/page.tsx


> Build failed 
because of webpack 
errors
